// Jest Snapshot v1, https://goo.gl/fbAQLP

exports[`renders a button 1`] = `
<button
  className="ConvertButton"
>
  Convert Playlist
</button>
`;
