// Jest Snapshot v1, https://goo.gl/fbAQLP

exports[`renders a playlist draft 1`] = `
<div
  className="Draft"
>
  <div
    className="Draft-col1"
  >
    <div
      className="Draft-header"
    >
      <div
        style={
          Object {
            "color": "rgba(255,255,255,.5)",
          }
        }
      >
         â–ª 
        <span>
          1
           
          track
        </span>
      </div>
      <input
        className="DraftNameInput"
        type="text"
        value={undefined}
      />
    </div>
    <div
      class="Draft-table"
    >
      <div
        class="Draft-table-header"
      >
        <div
          style={
            Object {
              "flex": "none",
              "width": "13.5rem",
            }
          }
        >
          Name
        </div>
        <div
          style={
            Object {
              "flex": "auto",
            }
          }
        >
          Artist
        </div>
      </div>
      <div
        class="Draft-table-body"
      >
        <div
          className="DraftItem DraftItem-selected"
        >
          <div
            style={
              Object {
                "flex": "none",
                "width": "13.5rem",
              }
            }
          >
            Bodak Yellow
          </div>
          <div>
            Cardi B
          </div>
        </div>
      </div>
    </div>
  </div>
  <div
    className="Draft-col2"
  >
    <div
      className="Track"
    >
      <div
        className="Track-backdrop"
        style={
          Object {
            "backgroundImage": "url(https://i.scdn.co/image/c6f9f7b2e71ae63388ec99bcc658eb173ed97bcc)",
          }
        }
      />
      <div
        className="Track-content"
      >
        <div
          style={
            Object {
              "marginBottom": "1.25rem",
            }
          }
        >
          <img
            alt="Bodak Yellow - Cardi B"
            className="Track-img"
            src="https://i.scdn.co/image/c6f9f7b2e71ae63388ec99bcc658eb173ed97bcc"
          />
          <div
            style={
              Object {
                "fontSize": "1.125rem",
                "marginBottom": ".25rem",
              }
            }
          >
            Bodak Yellow
          </div>
          <div>
            Cardi B
          </div>
        </div>
        <div
          style={
            Object {
              "marginBottom": "1rem",
            }
          }
        >
          <iframe
            frameborder="0"
            height="80"
            src="https://open.spotify.com/embed?uri=spotify:track:2771LMNxwf62FTAdpJMQfM"
            title="Spotify Play Button"
            width="288"
          />
        </div>
        <div
          style={
            Object {
              "marginBottom": "1rem",
            }
          }
        >
          <iframe
            allow="autoplay; encrypted-media"
            allowFullScreen={true}
            frameborder="0"
            height="162"
            src="https://www.youtube.com/embed/PEGccV-NOm8?controls=0&amp;showinfo=0"
            title="YouTube Player"
            width="288"
          />
        </div>
      </div>
    </div>
  </div>
</div>
`;
