// Jest Snapshot v1, https://goo.gl/fbAQLP

exports[`renders a modal 1`] = `
<div
  className="Modal"
>
  <div
    className="Modal-dialog"
  >
    <div>
      Foobar
    </div>
  </div>
</div>
`;
